
 gcc -g p3final.c
 gdb a.out
GNU gdb (Ubuntu 8.1.1-0ubuntu1) 8.1.1
Copyright (C) 2018 Free Software Foundation, Inc.
License GPLv3+: GNU GPL version 3 or later <http://gnu.org/licenses/gpl.html>
This is free software: you are free to change and redistribute it.
There is NO WARRANTY, to the extent permitted by law.  Type "show copying"
and "show warranty" for details.
This GDB was configured as "x86_64-linux-gnu".
Type "show configuration" for configuration details.
For bug reporting instructions, please see:
<http://www.gnu.org/software/gdb/bugs/>.
Find the GDB manual and other documentation resources online at:
<http://www.gnu.org/software/gdb/documentation/>.
For help, type "help".
Type "apropos word" to search for commands related to "word"...
Reading symbols from a.out...done.
(gdb) b main
Breakpoint 1 at 0x849: file p3final.c, line 37.
(gdb) r
Starting program: /home/runner/pps-IA1-practice/a.out 
warning: Error disabling address space randomization: Operation not permitted

 
 gcc -g p3final.c
 gdb a.out
GNU gdb (Ubuntu 8.1.1-0ubuntu1) 8.1.1
Copyright (C) 2018 Free Software Foundation, Inc.
License GPLv3+: GNU GPL version 3 or later <http://gnu.org/licenses/gpl.html>
This is free software: you are free to change and redistribute it.
There is NO WARRANTY, to the extent permitted by law.  Type "show copying"
and "show warranty" for details.
This GDB was configured as "x86_64-linux-gnu".
Type "show configuration" for configuration details.
For bug reporting instructions, please see:
<http://www.gnu.org/software/gdb/bugs/>.
Find the GDB manual and other documentation resources online at:
<http://www.gnu.org/software/gdb/documentation/>.
For help, type "help".
Type "apropos word" to search for commands related to "word"...
Reading symbols from a.out...done.
(gdb) b main
Breakpoint 1 at 0x849: file p3final.c, line 37.
(gdb) r
Starting program: /home/runner/pps-IA1-practice/a.out 
warning: Error disabling address space randomization: Operation not permitted

Breakpoint 1, main () at p3final.c:37
37    n=input_n();
(gdb) s
input_n () at p3final.c:4
4   {
(gdb) n
6     printf("enter a number\n");
(gdb) n
enter a number
7     scanf("%d",&x);
(gdb) n
2
8     return x;
(gdb) n
9   }
(gdb) n
main () at p3final.c:38
38    sum=sum_n(n);
(gdb) s
sum_n (n=2) at p3final.c:13
13    int sum=0;
(gdb) n
14    for(int i=0;i<n;i++)
(gdb) n
16    sum=sum+i;
(gdb) n
14    for(int i=0;i<n;i++)
(gdb) n
16    sum=sum+i;
(gdb) n
14    for(int i=0;i<n;i++)
(gdb) n
18    return sum;
(gdb) n
20  }
(gdb) n
main () at p3final.c:39
39    output(n,sum);
(gdb) s
output (n=2, sum=1) at p3final.c:26
26    for(int i=0;i<n;i++);
(gdb) n
28      printf("%d+",i);
(gdb) n
31    printf("the sum n numbers %d is %d\n",n,sum);
(gdb) n
2+the sum n numbers 2 is 1
33  }
(gdb) n
main () at p3final.c:40
40    return 0;
(gdb) c
Continuing.
[Inferior 1 (process 46) exited normally]
(gdb) 